  connectivity 0/464
  connectivity 100/464
  connectivity 200/464
  connectivity 300/464
  connectivity 400/464
class means (audited):
       n_prior_auth_ret  any_prior_auth_ret  n_refs_ret_prior  frac_refs_ret_prior  n_refs_found
Label                                                                                           
0                   0.0                 0.0               0.0                  0.0           0.0
1                   0.0                 0.0               0.0                  0.0           0.0
        model arena    acc     f1    auc  acc_std
L_baseline_RF    HP 0.8889 0.8947 0.9414      NaN
L_baseline_RF    CV 0.9326    NaN    NaN   0.0054
         model arena    acc  f1    auc  acc_std
L_baseline_XGB    HP 0.8056 0.8 0.9383      NaN
L_baseline_XGB    CV 0.9171 NaN    NaN   0.0136
        model arena    acc     f1    auc  acc_std
L_profiles_RF    HP 0.8889 0.8824 0.9707      NaN
L_profiles_RF    CV 0.9229    NaN    NaN   0.0109
         model arena    acc     f1    auc  acc_std
L_profiles_XGB    HP 0.9167 0.9143 0.9846      NaN
L_profiles_XGB    CV 0.9191    NaN    NaN   0.0082
            model arena    acc     f1    auc  acc_std
L_connectivity_RF    HP 0.8889 0.8889 0.9475      NaN
L_connectivity_RF    CV 0.9171    NaN    NaN   0.0098
             model arena    acc  f1    auc  acc_std
L_connectivity_XGB    HP 0.8056 0.8 0.9352      NaN
L_connectivity_XGB    CV 0.9152 NaN    NaN   0.0152
           model arena    acc     f1   auc  acc_std
L_full_fusion_RF    HP 0.8889 0.8889 0.966      NaN
L_full_fusion_RF    CV 0.9210    NaN   NaN   0.0119
            model arena    acc     f1    auc  acc_std
L_full_fusion_XGB    HP 0.9167 0.9143 0.9784      NaN
L_full_fusion_XGB    CV 0.9210    NaN    NaN   0.0072
