{'seed': 42, 'sigma': 0.0, 'epsilon': inf, 'round': 50, 'auprc': 0.5340990157026996, 'roc_auc': 0.7440451561448395, 'recall_at_5fpr': 0.25152722443559095}
{'seed': 42, 'sigma': 0.3, 'epsilon': 365.1687424750462, 'round': 50, 'auprc': 0.5059507876305669, 'roc_auc': 0.7283093416797672, 'recall_at_5fpr': 0.22722443559096944}
{'seed': 42, 'sigma': 0.5, 'epsilon': 150.68496631292209, 'round': 50, 'auprc': 0.4897862544028394, 'roc_auc': 0.7166155512091127, 'recall_at_5fpr': 0.2140770252324037}
{'seed': 42, 'sigma': 1.0, 'epsilon': 49.40596805307984, 'round': 50, 'auprc': 0.3543276251475377, 'roc_auc': 0.6019208789449859, 'recall_at_5fpr': 0.10557768924302789}
{'seed': 42, 'sigma': 2.0, 'epsilon': 18.021460917862246, 'round': 50, 'auprc': 0.27229736544648575, 'roc_auc': 0.5034133496081423, 'recall_at_5fpr': 0.05590969455511288}
{'seed': 43, 'sigma': 0.0, 'epsilon': inf, 'round': 50, 'auprc': 0.5462371288840209, 'roc_auc': 0.7531715803716116, 'recall_at_5fpr': 0.26799468791500664}
{'seed': 43, 'sigma': 0.3, 'epsilon': 365.1687424750462, 'round': 50, 'auprc': 0.5192454697119786, 'roc_auc': 0.7350662931253148, 'recall_at_5fpr': 0.23705179282868527}
{'seed': 43, 'sigma': 0.5, 'epsilon': 150.68496631292209, 'round': 50, 'auprc': 0.48420142844056463, 'roc_auc': 0.7095886879021068, 'recall_at_5fpr': 0.20398406374501993}
{'seed': 43, 'sigma': 1.0, 'epsilon': 49.40596805307984, 'round': 50, 'auprc': 0.3506935098047142, 'roc_auc': 0.5943534054221545, 'recall_at_5fpr': 0.1196547144754316}
{'seed': 43, 'sigma': 2.0, 'epsilon': 18.021460917862246, 'round': 50, 'auprc': 0.27408173024629706, 'roc_auc': 0.5152558004016577, 'recall_at_5fpr': 0.04355909694555113}
{'seed': 44, 'sigma': 0.0, 'epsilon': inf, 'round': 50, 'auprc': 0.5408491759499288, 'roc_auc': 0.7449111506529471, 'recall_at_5fpr': 0.2642762284196547}
{'seed': 44, 'sigma': 0.3, 'epsilon': 365.1687424750462, 'round': 50, 'auprc': 0.5178789936694884, 'roc_auc': 0.7330281378862256, 'recall_at_5fpr': 0.24063745019920318}
{'seed': 44, 'sigma': 0.5, 'epsilon': 150.68496631292209, 'round': 50, 'auprc': 0.4800875690271099, 'roc_auc': 0.7052824154533286, 'recall_at_5fpr': 0.20810092961487384}
{'seed': 44, 'sigma': 1.0, 'epsilon': 49.40596805307984, 'round': 50, 'auprc': 0.3193992806354324, 'roc_auc': 0.5764160130219532, 'recall_at_5fpr': 0.061752988047808766}
{'seed': 44, 'sigma': 2.0, 'epsilon': 18.021460917862246, 'round': 50, 'auprc': 0.2728930414084666, 'roc_auc': 0.5017431348383187, 'recall_at_5fpr': 0.015537848605577689}
       seed   epsilon  round   auprc  roc_auc  recall_at_5fpr
sigma                                                        
0.0    43.0       inf   50.0  0.5404   0.7474          0.2613
0.3    43.0  365.1687   50.0  0.5144   0.7321          0.2350
0.5    43.0  150.6850   50.0  0.4847   0.7105          0.2087
1.0    43.0   49.4060   50.0  0.3415   0.5909          0.0957
2.0    43.0   18.0215   50.0  0.2731   0.5068          0.0383
