Stage 1: mapping 138537 DOIs in 6927 batches
  mapped batch 0/6927, hits 0
  mapped batch 500/6927, hits 0
  mapped batch 1000/6927, hits 0
  mapped batch 1500/6927, hits 0
  mapped batch 2000/6927, hits 0
  mapped batch 2500/6927, hits 0
  mapped batch 3000/6927, hits 0
  mapped batch 3500/6927, hits 0
  mapped batch 4000/6927, hits 0
  mapped batch 4500/6927, hits 0
  mapped batch 5000/6927, hits 0
  mapped batch 5500/6927, hits 0
  mapped batch 6000/6927, hits 0
  mapped batch 6500/6927, hits 0
PMCIDs found: 0
Stage 2: fetching 0 full texts
Stage 3: parsing + features
Traceback (most recent call last):
  File "/mnt/c/recearch/frederated_learning/scripts/fetch_fulltext.py", line 154, in <module>
    main()
    ~~~~^^
  File "/mnt/c/recearch/frederated_learning/scripts/fetch_fulltext.py", line 150, in main
    f"with>=3sections={int((ft['ft_sections_found']>=3).sum())}")
                            ~~^^^^^^^^^^^^^^^^^^^^^
  File "/home/ahmad/.venvs/fedretract/lib/python3.13/site-packages/pandas/core/frame.py", line 4378, in __getitem__
    indexer = self.columns.get_loc(key)
  File "/home/ahmad/.venvs/fedretract/lib/python3.13/site-packages/pandas/core/indexes/range.py", line 525, in get_loc
    raise KeyError(key)
KeyError: 'ft_sections_found'
