arenas: HP=180, CV=173
                model arena    acc     f1    auc  acc_std
A_baseline_hisfeat_RF    HP 0.8611 0.8649 0.9444      NaN
A_baseline_hisfeat_RF    CV 0.9249 0.9189 0.9822   0.0082
               model arena    acc     f1    auc  acc_std
B_gap34_profiles_XGB    HP 0.9167 0.9143 0.9846      NaN
B_gap34_profiles_XGB    CV 0.9191 0.9126 0.9823   0.0082
       model arena    acc     f1    auc  acc_std
C_gap347_XGB    HP 0.8889 0.8889 0.9815      NaN
C_gap347_XGB    CV 0.9210 0.9144 0.9824   0.0152
               model arena    acc     f1    auc  acc_std
D0_abstractonly_head    HP 0.5278 0.5143 0.5185      NaN
D0_abstractonly_head    CV 0.5626 0.5260 0.5776   0.0027
              model arena    acc     f1    auc  acc_std
D_gap1_section_attn    HP 0.5833 0.5714 0.5062      NaN
D_gap1_section_attn    CV 0.5472 0.4902 0.5555   0.0144
    model arena    acc     f1    auc  acc_std
E_unified    HP 0.5556 0.5294 0.5463      NaN
E_unified    CV 0.5645 0.4905 0.5988   0.0152
          model arena    acc     f1    auc  acc_std
LOO_minus_gap34    HP 0.5833 0.5455 0.5586      NaN
LOO_minus_gap34    CV 0.5395 0.4843 0.5608   0.0357
         model arena    acc     f1    auc  acc_std
LOO_minus_gap7    HP 0.5556 0.5294 0.5185      NaN
LOO_minus_gap7    CV 0.5568 0.4848 0.5783   0.0144
             model arena    acc     f1    auc  acc_std
LOO_minus_gap1_XGB    HP 0.8889 0.8889 0.9815      NaN
LOO_minus_gap1_XGB    CV 0.9210 0.9144 0.9824   0.0152
LADDER_DONE in 40.0 min
