corpus: 464 papers, 232 retracted
Warning: You are sending unauthenticated requests to the HF Hub. Please set a HF_TOKEN to enable higher rate limits and faster downloads.
Loading weights:   0%|          | 0/201 [00:00<?, ?it/s]Loading weights: 100%|██████████| 201/201 [00:00<00:00, 10612.48it/s]
  certainty 0/1314
  certainty 50/1314
  certainty 100/1314
  certainty 150/1314
  certainty 200/1314
  certainty 250/1314
  certainty 300/1314
  certainty 350/1314
  certainty 400/1314
  certainty 450/1314
  certainty 500/1314
  certainty 550/1314
  certainty 600/1314
  certainty 650/1314
  certainty 700/1314
  certainty 750/1314
  certainty 800/1314
  certainty 850/1314
  certainty 900/1314
  certainty 950/1314
  certainty 1000/1314
  certainty 1050/1314
  certainty 1100/1314
  certainty 1150/1314
  certainty 1200/1314
  certainty 1250/1314
  certainty 1300/1314
certainty done
Loading weights:   0%|          | 0/148 [00:00<?, ?it/s]Loading weights: 100%|██████████| 148/148 [00:00<00:00, 2065.62it/s]
[transformers] `loss_type=None` was set in the config but it is unrecognized. Using the default loss: `ForCausalLMLoss`.
  gap7 0/464
  gap7 50/464
  gap7 100/464
  gap7 150/464
  gap7 200/464
  gap7 250/464
  gap7 300/464
  gap7 350/464
  gap7 400/464
  gap7 450/464
gap7 done
features saved: (464, 32)
Loading weights:   0%|          | 0/199 [00:00<?, ?it/s]Loading weights: 100%|██████████| 199/199 [00:00<00:00, 12053.47it/s]
[transformers] [1mBertModel LOAD REPORT[0m from: allenai/scibert_scivocab_uncased
Key                                        | Status     |  | 
-------------------------------------------+------------+--+-
cls.predictions.transform.LayerNorm.bias   | UNEXPECTED |  | 
cls.seq_relationship.bias                  | UNEXPECTED |  | 
cls.predictions.decoder.weight             | UNEXPECTED |  | 
cls.predictions.bias                       | UNEXPECTED |  | 
cls.predictions.transform.LayerNorm.weight | UNEXPECTED |  | 
cls.predictions.transform.dense.bias       | UNEXPECTED |  | 
cls.predictions.transform.dense.weight     | UNEXPECTED |  | 
cls.predictions.decoder.bias               | UNEXPECTED |  | 
cls.seq_relationship.weight                | UNEXPECTED |  | 

Notes:
- UNEXPECTED:	can be ignored when loading from different task/architecture; not ok if you expect identical arch.
  scibert 0/464
  scibert 25/464
  scibert 50/464
  scibert 75/464
  scibert 100/464
  scibert 125/464
  scibert 150/464
  scibert 175/464
  scibert 200/464
  scibert 225/464
  scibert 250/464
  scibert 275/464
  scibert 300/464
  scibert 325/464
  scibert 350/464
  scibert 375/464
  scibert 400/464
  scibert 425/464
  scibert 450/464
scibert done
EXTRACTION_COMPLETE
