                   model arena    acc     f1    auc
N_A_faithful_baseline_RF    HP 0.8889 0.8947 0.9414
Warning: You are sending unauthenticated requests to the HF Hub. Please set a HF_TOKEN to enable higher rate limits and faster downloads.
Loading weights:   0%|          | 0/199 [00:00<?, ?it/s]Loading weights: 100%|██████████| 199/199 [00:00<00:00, 13727.84it/s]
[transformers] [1mBertModel LOAD REPORT[0m from: allenai/scibert_scivocab_uncased
Key                                        | Status     |  | 
-------------------------------------------+------------+--+-
cls.seq_relationship.weight                | UNEXPECTED |  | 
cls.predictions.transform.LayerNorm.weight | UNEXPECTED |  | 
cls.predictions.transform.dense.weight     | UNEXPECTED |  | 
cls.predictions.decoder.weight             | UNEXPECTED |  | 
cls.seq_relationship.bias                  | UNEXPECTED |  | 
cls.predictions.decoder.bias               | UNEXPECTED |  | 
cls.predictions.transform.LayerNorm.bias   | UNEXPECTED |  | 
cls.predictions.transform.dense.bias       | UNEXPECTED |  | 
cls.predictions.bias                       | UNEXPECTED |  | 

Notes:
- UNEXPECTED:	can be ignored when loading from different task/architecture; not ok if you expect identical arch.
  meanpool 0/464
  meanpool 50/464
  meanpool 100/464
  meanpool 150/464
  meanpool 200/464
  meanpool 250/464
  meanpool 300/464
  meanpool 350/464
  meanpool 400/464
  meanpool 450/464
meanpool done
            model arena    acc     f1    auc  acc_std
N_D0_abs_meanpool    HP 0.5000 0.4375 0.4784      NaN
N_D0_abs_meanpool    CV 0.5453 0.4947 0.5574   0.0401
               model arena    acc     f1    auc  acc_std
N_D_section_meanpool    HP 0.5000 0.4000 0.4568      NaN
N_D_section_meanpool    CV 0.5279 0.4923 0.5125   0.0144
               model arena    acc     f1    auc  acc_std
N_E_unified_meanpool    HP 0.5000 0.4375 0.5247      NaN
N_E_unified_meanpool    CV 0.5145 0.4657 0.5170    0.017
Loading weights:   0%|          | 0/199 [00:00<?, ?it/s]Loading weights: 100%|██████████| 199/199 [00:00<00:00, 13537.25it/s]
[transformers] [1mBertForSequenceClassification LOAD REPORT[0m from: allenai/scibert_scivocab_uncased
Key                                        | Status     | 
-------------------------------------------+------------+-
cls.seq_relationship.weight                | UNEXPECTED | 
cls.predictions.transform.LayerNorm.weight | UNEXPECTED | 
cls.predictions.transform.dense.weight     | UNEXPECTED | 
cls.predictions.decoder.weight             | UNEXPECTED | 
cls.seq_relationship.bias                  | UNEXPECTED | 
cls.predictions.decoder.bias               | UNEXPECTED | 
cls.predictions.transform.LayerNorm.bias   | UNEXPECTED | 
cls.predictions.transform.dense.bias       | UNEXPECTED | 
cls.predictions.bias                       | UNEXPECTED | 
classifier.weight                          | MISSING    | 
classifier.bias                            | MISSING    | 

Notes:
- UNEXPECTED:	can be ignored when loading from different task/architecture; not ok if you expect identical arch.
- MISSING:	those params were newly initialized because missing from the checkpoint. Consider training on your downstream task.
  N_FT_flat128_s42 seed42 epoch0 done
  N_FT_flat128_s42 seed42 epoch1 done
  N_FT_flat128_s42 seed42 epoch2 done
  N_FT_flat128_s42 seed42 epoch3 done
           model arena    acc     f1    auc
N_FT_flat128_s42    HP 0.4722 0.3871 0.4074
Loading weights:   0%|          | 0/199 [00:00<?, ?it/s]Loading weights: 100%|██████████| 199/199 [00:00<00:00, 11151.78it/s]
[transformers] [1mBertForSequenceClassification LOAD REPORT[0m from: allenai/scibert_scivocab_uncased
Key                                        | Status     | 
-------------------------------------------+------------+-
cls.seq_relationship.weight                | UNEXPECTED | 
cls.predictions.transform.LayerNorm.weight | UNEXPECTED | 
cls.predictions.transform.dense.weight     | UNEXPECTED | 
cls.predictions.decoder.weight             | UNEXPECTED | 
cls.seq_relationship.bias                  | UNEXPECTED | 
cls.predictions.decoder.bias               | UNEXPECTED | 
cls.predictions.transform.LayerNorm.bias   | UNEXPECTED | 
cls.predictions.transform.dense.bias       | UNEXPECTED | 
cls.predictions.bias                       | UNEXPECTED | 
classifier.weight                          | MISSING    | 
classifier.bias                            | MISSING    | 

Notes:
- UNEXPECTED:	can be ignored when loading from different task/architecture; not ok if you expect identical arch.
- MISSING:	those params were newly initialized because missing from the checkpoint. Consider training on your downstream task.
  N_FT_full512_s42 seed42 epoch0 done
  N_FT_full512_s42 seed42 epoch1 done
  N_FT_full512_s42 seed42 epoch2 done
  N_FT_full512_s42 seed42 epoch3 done
           model arena    acc     f1    auc
N_FT_full512_s42    HP 0.4722 0.1739 0.4907
Loading weights:   0%|          | 0/199 [00:00<?, ?it/s]Loading weights: 100%|██████████| 199/199 [00:00<00:00, 13058.19it/s]
[transformers] [1mBertForSequenceClassification LOAD REPORT[0m from: allenai/scibert_scivocab_uncased
Key                                        | Status     | 
-------------------------------------------+------------+-
cls.seq_relationship.weight                | UNEXPECTED | 
cls.predictions.transform.LayerNorm.weight | UNEXPECTED | 
cls.predictions.transform.dense.weight     | UNEXPECTED | 
cls.predictions.decoder.weight             | UNEXPECTED | 
cls.seq_relationship.bias                  | UNEXPECTED | 
cls.predictions.decoder.bias               | UNEXPECTED | 
cls.predictions.transform.LayerNorm.bias   | UNEXPECTED | 
cls.predictions.transform.dense.bias       | UNEXPECTED | 
cls.predictions.bias                       | UNEXPECTED | 
classifier.weight                          | MISSING    | 
classifier.bias                            | MISSING    | 

Notes:
- UNEXPECTED:	can be ignored when loading from different task/architecture; not ok if you expect identical arch.
- MISSING:	those params were newly initialized because missing from the checkpoint. Consider training on your downstream task.
  N_FT_flat128_s43 seed43 epoch0 done
  N_FT_flat128_s43 seed43 epoch1 done
  N_FT_flat128_s43 seed43 epoch2 done
  N_FT_flat128_s43 seed43 epoch3 done
           model arena    acc     f1    auc
N_FT_flat128_s43    HP 0.4167 0.5714 0.3796
Loading weights:   0%|          | 0/199 [00:00<?, ?it/s]Loading weights: 100%|██████████| 199/199 [00:00<00:00, 57894.60it/s]
[transformers] [1mBertForSequenceClassification LOAD REPORT[0m from: allenai/scibert_scivocab_uncased
Key                                        | Status     | 
-------------------------------------------+------------+-
cls.seq_relationship.weight                | UNEXPECTED | 
cls.predictions.transform.LayerNorm.weight | UNEXPECTED | 
cls.predictions.transform.dense.weight     | UNEXPECTED | 
cls.predictions.decoder.weight             | UNEXPECTED | 
cls.seq_relationship.bias                  | UNEXPECTED | 
cls.predictions.decoder.bias               | UNEXPECTED | 
cls.predictions.transform.LayerNorm.bias   | UNEXPECTED | 
cls.predictions.transform.dense.bias       | UNEXPECTED | 
cls.predictions.bias                       | UNEXPECTED | 
classifier.weight                          | MISSING    | 
classifier.bias                            | MISSING    | 

Notes:
- UNEXPECTED:	can be ignored when loading from different task/architecture; not ok if you expect identical arch.
- MISSING:	those params were newly initialized because missing from the checkpoint. Consider training on your downstream task.
  N_FT_full512_s43 seed43 epoch0 done
  N_FT_full512_s43 seed43 epoch1 done
  N_FT_full512_s43 seed43 epoch2 done
  N_FT_full512_s43 seed43 epoch3 done
           model arena    acc     f1    auc
N_FT_full512_s43    HP 0.4722 0.4571 0.4321
NIGHT2_DONE in 270.2 min
