                           silo     n  n_retracted  retraction_rate  median_year
                          Other 31024         8007           0.2581       2018.0
 Hindawi Publishing Corporation 27696         9277           0.3350       2022.0
                    Elsevier BV 21221         5722           0.2696       2017.0
Springer Science+Business Media 19730         4930           0.2499       2020.0
                          Wiley 13372         3340           0.2498       2020.0
                      IOS Press  8320         2080           0.2500       2022.0
      Public Library of Science  4960         1240           0.2500       2016.0
                SAGE Publishing  4772         1193           0.2500       2019.0
               Taylor & Francis  4627         1156           0.2498       2018.0
           Spandidos Publishing  2815          703           0.2497       2017.0
                seed   auprc  roc_auc  recall_at_5fpr
model                                                
central_logreg  43.0  0.3542   0.6006          0.1085
central_mlp     43.0  0.6093   0.7902          0.3221
central_rf      43.0  0.5985   0.7842          0.3182
central_xgb     43.0  0.6331   0.8042          0.3514
fl_fedavg       43.0  0.5581   0.7652          0.2735
fl_fedbal       43.0  0.5418   0.7479          0.2560
fl_fedprox      43.0  0.5559   0.7626          0.2719
local_only_avg  43.0  0.3147   0.5584          0.0755

Saved -> /mnt/c/recearch/frederated_learning/results/main_publisher.csv
