                                        silo     n  n_retracted  retraction_rate  median_year
                                    Medicine 36886         7730           0.2096       2020.0
                                       Other 30397         7460           0.2454       2020.0
                                 Engineering 18146         4659           0.2568       2021.0
Biochemistry, Genetics and Molecular Biology 16920         6681           0.3949       2018.0
                            Computer Science 10726         5217           0.4864       2022.0
                             Social Sciences  6008         1350           0.2247       2020.0
                       Environmental Science  5743         1238           0.2156       2020.0
                           Materials Science  5446         1368           0.2512       2019.0
        Agricultural and Biological Sciences  4739         1074           0.2266       2020.0
                                Neuroscience  3526          871           0.2470       2019.0
                seed   auprc  roc_auc  recall_at_5fpr
model                                                
central_logreg  43.0  0.3542   0.6006          0.1085
central_mlp     43.0  0.6093   0.7902          0.3221
central_rf      43.0  0.5985   0.7842          0.3182
central_xgb     43.0  0.6331   0.8042          0.3514
fl_fedavg       43.0  0.5847   0.7769          0.2927
fl_fedbal       43.0  0.5357   0.7393          0.2487
fl_fedprox      43.0  0.5778   0.7731          0.2867
local_only_avg  43.0  0.3258   0.5715          0.0817

Saved -> /mnt/c/recearch/frederated_learning/results/main_field.csv
